 Cycle detected in imports: CycleA.idr -> CycleB -> CycleC -> CycleA -> CycleB
