Nat
Nat
Nat
Nat
Vect (n + m) a
Nat
Nat
(S n)
String
()
