(True, "VROOOOM", Pedal) : (Bool, String, CarPart)
